<!DOCTYPE html PUBLIC "-//W3C//DTD HTML 4.01 Transitional//EN" "http://www.w3.org/TR/html4/loose.dtd">
<html><meta http-equiv="Content-Type" content="text/html; charset=utf-8">
<title>std::experimental::unexpected&amp;lt;E&amp;gt; try_operation_return_as(std::experimental::expected&amp;lt;T, E&amp;gt;) - Boost.Outcome documentation</title>
<link rel="stylesheet" href="../../css/boost.css" type="text/css">
<meta name="generator" content="Hugo 0.52 with Boostdoc theme">
<meta name="viewport" content="width=device-width,initial-scale=1.0"/>

<link rel="icon" href="../../images/favicon.ico" type="image/ico"/>
<body><div id="boost-common-heading-doc" style="background: #574D74 url('../../images/header-bg.png') repeat-x top left;">
  <div class="heading-inner" style="background: url('../../images/header-fg.png') no-repeat top left;">
  <div class="heading-placard"></div>

  <h1 class="heading-title">
    <a href="../../">
      <img src="../../images/space.png" alt="Boost C++ Libraries" class="heading-logo" />
      <span class="heading-boost">Boost</span>
      <span class="heading-cpplibraries">C++ Libraries</span>
    </a>
  </h1>

  <p class="heading-quote">
    <q>...one of the most highly
    regarded and expertly designed C++ library projects in the
    world.</q> <span class="heading-attribution">&mdash; <a href=
    "http://www.gotw.ca/" class="external">Herb Sutter</a> and <a href=
    "http://en.wikipedia.org/wiki/Andrei_Alexandrescu" class="external">Andrei
    Alexandrescu</a>, <a href=
    "http://safari.awprofessional.com/?XmlId=0321113586" class="external">C++
    Coding Standards</a></span></p>
  </div>
</div>
<div id="boost-common-heading-doc-spacer"></div><div class="spirit-nav">
<a accesskey="p" href="../../reference/functions/try_operation_return_as_t.html"><img src="../../images/prev.png" alt="Prev"></a>
    <a accesskey="u" href="../../reference/functions.html"><img src="../../images/up.png" alt="Up"></a>
    <a accesskey="h" href="../../index.html"><img src="../../images/home.png" alt="Home"></a><a accesskey="n" href="../../faq.html"><img src="../../images/next.png" alt="Next"></a></div><div id="content">
  <div class="titlepage"><div><div><h1 style="clear: both"><code>std::experimental::unexpected&lt;E&gt; try_operation_return_as(std::experimental::expected&lt;T, E&gt;)</code></h1></div></div></div>
  <p>This implementation of <a href="../../reference/converters/try_operation_return_as.html" class="api-reference">try_operation_return_as(expr)</a> returns an unexpected for any expected input. This allows the use of functions returning <code>std::experimental::expected&lt;T, E&gt;</code> in <code>BOOST_OUTCOME_TRY(...)</code>.</p>

<p><em>Requires</em>: Always available.</p>

<p><em>Namespace</em>: <code>BOOST_OUTCOME_V2_NAMESPACE</code></p>

<p><em>Header</em>: <code>&lt;boost/outcome/try.hpp&gt;</code></p>


        </div><p><small>Last revised: January 21, 2019 at 18:00:41 UTC</small></p>
<hr>
<div class="spirit-nav">
<a accesskey="p" href="../../reference/functions/try_operation_return_as_t.html"><img src="../../images/prev.png" alt="Prev"></a>
    <a accesskey="u" href="../../reference/functions.html"><img src="../../images/up.png" alt="Up"></a>
    <a accesskey="h" href="../../index.html"><img src="../../images/home.png" alt="Home"></a><a accesskey="n" href="../../faq.html"><img src="../../images/next.png" alt="Next"></a></div></body>
</html>
